2026-06-07 21:14:57 info: Congratulations, your extension "Embold" is now active!
2026-06-07 21:14:57 info: ************* init ****************
2026-06-07 21:14:57 info: tempDirectory : c:\Users\Acer\.vscode\extensions\embold-vscode.embold-0.3.8\temp
2026-06-07 21:15:05 info: Extraction complete for source: c:\Users\Acer\.vscode\extensions\embold-vscode.embold-0.3.8\resources\embold-scanner-archive.zip, destination: c:\Users\Acer\.vscode\extensions\embold-vscode.embold-0.3.8\temp
2026-06-07 21:15:05 info: Extension installed on machine OS : win32
2026-06-07 21:15:05 info: Loading issues from local database on startup (checkbox unchecked)
2026-06-07 21:15:05 info: Using emboldDBDir: d:\Documents\Lesya\Rolling Scopes\summer_bootcamp_2026\shelter\.embold
2026-06-07 21:15:05 info: NO_PROXY set from VS Code http.noProxy: 
2026-06-07 21:15:05 info: NODE_TLS_REJECT_UNAUTHORIZED not set (SSL verification enabled)
2026-06-07 21:15:05 info: Using system certificates for SSL verification
2026-06-07 21:15:05 info: [STARTUP] Processing 0 total issues from database
2026-06-07 21:15:05 info: [STARTUP] Issues sorted by file path
2026-06-07 21:15:05 info: [STARTUP] Complete - Processed: 0, Skipped: 0
2026-06-07 21:15:05 info: Fetched the issues from DB
2026-06-07 21:15:06 info: Java version installed on machine : 
java version "25.0.2" 2026-01-20 LTS
Java(TM) SE Runtime Environment (build 25.0.2+10-LTS-69)
Java HotSpot(TM) 64-Bit Server VM (build 25.0.2+10-LTS-69, mixed mode, sharing)

2026-06-07 21:15:06 info: Java installed on machine.
2026-06-07 21:15:11 info: Row(s) deleted
2026-06-07 21:15:19 info: Embold extension version response:{"hasSupport":false,"version":"0.2.1","changeNotes":"<div> <p>Release Date: 30 Apr, 2025 <br><span>Bug fixes and improvements.</span></p> </div>"}
2026-06-07 21:15:19 info: Current installed embold extension version : 0.3.8
2026-06-07 21:15:19 info: Latest embold extension version on marketplace : 0.2.1
2026-06-07 21:15:19 info: Current extension version: 0.3.8
2026-06-07 21:15:19 info: Stored extension version: 0.3.8
2026-06-07 21:15:19 info: No new installation or upgrade detected. Skipping plugin activation tracking.
2026-06-07 21:15:42 info: Row(s) deleted
2026-06-07 21:20:05 info: Row(s) deleted
